C:\Program Files\Microsoft Visual Studio\2022\Community\MSBuild\Microsoft\VC\v170\Microsoft.CppBuild.targets(524,5): warning MSB8004: Output Directory does not end with a trailing slash.  This build instance will add the slash as it is required to allow proper evaluation of the Output Directory.
  GameObject.cpp
  GlobalState.cpp
  Level.cpp
C:\Users\melin\OneDrive\Documents\GitHub\ConnectTheDots\ConnectTheDots\Level.h(17,14): error C2065: 'Dot': undeclared identifier
  (compiling source file 'GlobalState.cpp')
  
C:\Users\melin\OneDrive\Documents\GitHub\ConnectTheDots\ConnectTheDots\Level.h(17,7): error C2923: 'std::vector': 'Dot' is not a valid template type argument for parameter '_Ty'
  (compiling source file 'GlobalState.cpp')
      C:\Users\melin\OneDrive\Documents\GitHub\ConnectTheDots\ConnectTheDots\Level.h(17,14):
      see declaration of 'Dot'
  
C:\Users\melin\OneDrive\Documents\GitHub\ConnectTheDots\ConnectTheDots\Level.h(17,7): error C2976: 'std::vector': too few template arguments
  (compiling source file 'GlobalState.cpp')
      C:\Program Files\Microsoft Visual Studio\2022\Community\VC\Tools\MSVC\14.44.35207\include\vector(442,7):
      see declaration of 'std::vector'
  
C:\Users\melin\OneDrive\Documents\GitHub\ConnectTheDots\ConnectTheDots\Level.h(17,14): error C2065: 'Dot': undeclared identifier
  (compiling source file 'Level.cpp')
  
C:\Users\melin\OneDrive\Documents\GitHub\ConnectTheDots\ConnectTheDots\Level.h(17,7): error C2923: 'std::vector': 'Dot' is not a valid template type argument for parameter '_Ty'
  (compiling source file 'Level.cpp')
      C:\Users\melin\OneDrive\Documents\GitHub\ConnectTheDots\ConnectTheDots\Level.h(17,14):
      see declaration of 'Dot'
  
C:\Users\melin\OneDrive\Documents\GitHub\ConnectTheDots\ConnectTheDots\Level.h(17,7): error C2976: 'std::vector': too few template arguments
  (compiling source file 'Level.cpp')
      C:\Program Files\Microsoft Visual Studio\2022\Community\VC\Tools\MSVC\14.44.35207\include\vector(442,7):
      see declaration of 'std::vector'
  
C:\Users\melin\OneDrive\Documents\GitHub\ConnectTheDots\ConnectTheDots\Level.cpp(6,11): warning C4244: 'initializing': conversion from 'int' to 'float', possible loss of data
C:\Users\melin\OneDrive\Documents\GitHub\ConnectTheDots\ConnectTheDots\Level.cpp(7,11): warning C4244: 'initializing': conversion from 'int' to 'float', possible loss of data
C:\Users\melin\OneDrive\Documents\GitHub\ConnectTheDots\ConnectTheDots\Level.cpp(29,27): error C2039: 'first': is not a member of 'Level::Edge'
      C:\Users\melin\OneDrive\Documents\GitHub\ConnectTheDots\ConnectTheDots\Level.h(13,9):
      see declaration of 'Level::Edge'
  
C:\Users\melin\OneDrive\Documents\GitHub\ConnectTheDots\ConnectTheDots\Level.cpp(29,32): error C7732: expected an expression before ']'
  Level1.cpp
C:\Users\melin\OneDrive\Documents\GitHub\ConnectTheDots\ConnectTheDots\Level.cpp(29,18): error C2678: binary '[': no operator found which takes a left-hand operand of type 'std::vector' (or there is no acceptable conversion)
      C:\Program Files\Microsoft Visual Studio\2022\Community\VC\Tools\MSVC\14.44.35207\include\vector(1937,40):
      could be 'const _Ty &std::vector<_Ty,_Alloc>::operator [](const allocator_traits<allocator_traits<_Alloc>::rebind_alloc<_Ty>>::size_type) noexcept const'
          C:\Users\melin\OneDrive\Documents\GitHub\ConnectTheDots\ConnectTheDots\Level.cpp(29,18):
          'const _Ty &std::vector<_Ty,_Alloc>::operator [](const allocator_traits<allocator_traits<_Alloc>::rebind_alloc<_Ty>>::size_type) noexcept const': cannot convert 'this' pointer from 'std::vector' to 'const std::vector<_Ty,_Alloc> &'
              C:\Users\melin\OneDrive\Documents\GitHub\ConnectTheDots\ConnectTheDots\Level.cpp(29,18):
              Reason: cannot convert from 'std::vector' to 'const std::vector<_Ty,_Alloc>'
              C:\Users\melin\OneDrive\Documents\GitHub\ConnectTheDots\ConnectTheDots\Level.cpp(29,18):
              Conversion requires a second user-defined-conversion operator or constructor
      C:\Program Files\Microsoft Visual Studio\2022\Community\VC\Tools\MSVC\14.44.35207\include\vector(1927,34):
      or       '_Ty &std::vector<_Ty,_Alloc>::operator [](const allocator_traits<allocator_traits<_Alloc>::rebind_alloc<_Ty>>::size_type) noexcept'
          C:\Users\melin\OneDrive\Documents\GitHub\ConnectTheDots\ConnectTheDots\Level.cpp(29,18):
          '_Ty &std::vector<_Ty,_Alloc>::operator [](const allocator_traits<allocator_traits<_Alloc>::rebind_alloc<_Ty>>::size_type) noexcept': cannot convert 'this' pointer from 'std::vector' to 'std::vector<_Ty,_Alloc> &'
              C:\Users\melin\OneDrive\Documents\GitHub\ConnectTheDots\ConnectTheDots\Level.cpp(29,18):
              Reason: cannot convert from 'std::vector' to 'std::vector<_Ty,_Alloc>'
              C:\Users\melin\OneDrive\Documents\GitHub\ConnectTheDots\ConnectTheDots\Level.cpp(29,18):
              Conversion requires a second user-defined-conversion operator or constructor
      C:\Users\melin\OneDrive\Documents\GitHub\ConnectTheDots\ConnectTheDots\Level.cpp(29,18):
      while trying to match the argument list '(std::vector, int)'
  
C:\Users\melin\OneDrive\Documents\GitHub\ConnectTheDots\ConnectTheDots\Level.cpp(29,16): error C2530: 'a': references must be initialized
C:\Users\melin\OneDrive\Documents\GitHub\ConnectTheDots\ConnectTheDots\Level.cpp(30,27): error C2039: 'second': is not a member of 'Level::Edge'
      C:\Users\melin\OneDrive\Documents\GitHub\ConnectTheDots\ConnectTheDots\Level.h(13,9):
      see declaration of 'Level::Edge'
  
C:\Users\melin\OneDrive\Documents\GitHub\ConnectTheDots\ConnectTheDots\Level.cpp(30,33): error C7732: expected an expression before ']'
C:\Users\melin\OneDrive\Documents\GitHub\ConnectTheDots\ConnectTheDots\Level.cpp(30,18): error C2678: binary '[': no operator found which takes a left-hand operand of type 'std::vector' (or there is no acceptable conversion)
      C:\Program Files\Microsoft Visual Studio\2022\Community\VC\Tools\MSVC\14.44.35207\include\vector(1937,40):
      could be 'const _Ty &std::vector<_Ty,_Alloc>::operator [](const allocator_traits<allocator_traits<_Alloc>::rebind_alloc<_Ty>>::size_type) noexcept const'
          C:\Users\melin\OneDrive\Documents\GitHub\ConnectTheDots\ConnectTheDots\Level.cpp(30,18):
          'const _Ty &std::vector<_Ty,_Alloc>::operator [](const allocator_traits<allocator_traits<_Alloc>::rebind_alloc<_Ty>>::size_type) noexcept const': cannot convert 'this' pointer from 'std::vector' to 'const std::vector<_Ty,_Alloc> &'
              C:\Users\melin\OneDrive\Documents\GitHub\ConnectTheDots\ConnectTheDots\Level.cpp(30,18):
              Reason: cannot convert from 'std::vector' to 'const std::vector<_Ty,_Alloc>'
              C:\Users\melin\OneDrive\Documents\GitHub\ConnectTheDots\ConnectTheDots\Level.cpp(30,18):
              Conversion requires a second user-defined-conversion operator or constructor
      C:\Program Files\Microsoft Visual Studio\2022\Community\VC\Tools\MSVC\14.44.35207\include\vector(1927,34):
      or       '_Ty &std::vector<_Ty,_Alloc>::operator [](const allocator_traits<allocator_traits<_Alloc>::rebind_alloc<_Ty>>::size_type) noexcept'
          C:\Users\melin\OneDrive\Documents\GitHub\ConnectTheDots\ConnectTheDots\Level.cpp(30,18):
          '_Ty &std::vector<_Ty,_Alloc>::operator [](const allocator_traits<allocator_traits<_Alloc>::rebind_alloc<_Ty>>::size_type) noexcept': cannot convert 'this' pointer from 'std::vector' to 'std::vector<_Ty,_Alloc> &'
              C:\Users\melin\OneDrive\Documents\GitHub\ConnectTheDots\ConnectTheDots\Level.cpp(30,18):
              Reason: cannot convert from 'std::vector' to 'std::vector<_Ty,_Alloc>'
              C:\Users\melin\OneDrive\Documents\GitHub\ConnectTheDots\ConnectTheDots\Level.cpp(30,18):
              Conversion requires a second user-defined-conversion operator or constructor
      C:\Users\melin\OneDrive\Documents\GitHub\ConnectTheDots\ConnectTheDots\Level.cpp(30,18):
      while trying to match the argument list '(std::vector, int)'
  
C:\Users\melin\OneDrive\Documents\GitHub\ConnectTheDots\ConnectTheDots\Level.cpp(30,16): error C2530: 'b': references must be initialized
C:\Users\melin\OneDrive\Documents\GitHub\ConnectTheDots\ConnectTheDots\Level.cpp(42,17): error C2663: 'std::vector<_Ty,_Alloc>::_Unchecked_begin': no overloaded function has valid conversion for 'this' pointer
      C:\Program Files\Microsoft Visual Studio\2022\Community\VC\Tools\MSVC\14.44.35207\include\vector(1896,40):
      could be 'const _Ty *std::vector<_Ty,_Alloc>::_Unchecked_begin(void) noexcept const'
          C:\Users\melin\OneDrive\Documents\GitHub\ConnectTheDots\ConnectTheDots\Level.cpp(42,17):
          'const _Ty *std::vector<_Ty,_Alloc>::_Unchecked_begin(void) noexcept const': cannot convert 'this' pointer from 'std::vector' to 'const std::vector<_Ty,_Alloc> &'
              C:\Users\melin\OneDrive\Documents\GitHub\ConnectTheDots\ConnectTheDots\Level.cpp(42,17):
              Reason: cannot convert from 'std::vector' to 'const std::vector<_Ty,_Alloc>'
              C:\Users\melin\OneDrive\Documents\GitHub\ConnectTheDots\ConnectTheDots\Level.cpp(42,17):
              Conversion requires a second user-defined-conversion operator or constructor
      C:\Program Files\Microsoft Visual Studio\2022\Community\VC\Tools\MSVC\14.44.35207\include\vector(1892,34):
      or       '_Ty *std::vector<_Ty,_Alloc>::_Unchecked_begin(void) noexcept'
          C:\Users\melin\OneDrive\Documents\GitHub\ConnectTheDots\ConnectTheDots\Level.cpp(42,17):
          '_Ty *std::vector<_Ty,_Alloc>::_Unchecked_begin(void) noexcept': cannot convert 'this' pointer from 'std::vector' to 'std::vector<_Ty,_Alloc> &'
              C:\Users\melin\OneDrive\Documents\GitHub\ConnectTheDots\ConnectTheDots\Level.cpp(42,17):
              Reason: cannot convert from 'std::vector' to 'std::vector<_Ty,_Alloc>'
              C:\Users\melin\OneDrive\Documents\GitHub\ConnectTheDots\ConnectTheDots\Level.cpp(42,17):
              Conversion requires a second user-defined-conversion operator or constructor
      C:\Users\melin\OneDrive\Documents\GitHub\ConnectTheDots\ConnectTheDots\Level.cpp(42,17):
      while trying to match the argument list '()'
  
C:\Users\melin\OneDrive\Documents\GitHub\ConnectTheDots\ConnectTheDots\Level.cpp(42,17): error C2663: 'std::vector<_Ty,_Alloc>::_Unchecked_end': no overloaded function has valid conversion for 'this' pointer
      C:\Program Files\Microsoft Visual Studio\2022\Community\VC\Tools\MSVC\14.44.35207\include\vector(1904,40):
      could be 'const _Ty *std::vector<_Ty,_Alloc>::_Unchecked_end(void) noexcept const'
          C:\Users\melin\OneDrive\Documents\GitHub\ConnectTheDots\ConnectTheDots\Level.cpp(42,17):
          'const _Ty *std::vector<_Ty,_Alloc>::_Unchecked_end(void) noexcept const': cannot convert 'this' pointer from 'std::vector' to 'const std::vector<_Ty,_Alloc> &'
              C:\Users\melin\OneDrive\Documents\GitHub\ConnectTheDots\ConnectTheDots\Level.cpp(42,17):
              Reason: cannot convert from 'std::vector' to 'const std::vector<_Ty,_Alloc>'
              C:\Users\melin\OneDrive\Documents\GitHub\ConnectTheDots\ConnectTheDots\Level.cpp(42,17):
              Conversion requires a second user-defined-conversion operator or constructor
      C:\Program Files\Microsoft Visual Studio\2022\Community\VC\Tools\MSVC\14.44.35207\include\vector(1900,34):
      or       '_Ty *std::vector<_Ty,_Alloc>::_Unchecked_end(void) noexcept'
          C:\Users\melin\OneDrive\Documents\GitHub\ConnectTheDots\ConnectTheDots\Level.cpp(42,17):
          '_Ty *std::vector<_Ty,_Alloc>::_Unchecked_end(void) noexcept': cannot convert 'this' pointer from 'std::vector' to 'std::vector<_Ty,_Alloc> &'
              C:\Users\melin\OneDrive\Documents\GitHub\ConnectTheDots\ConnectTheDots\Level.cpp(42,17):
              Reason: cannot convert from 'std::vector' to 'std::vector<_Ty,_Alloc>'
              C:\Users\melin\OneDrive\Documents\GitHub\ConnectTheDots\ConnectTheDots\Level.cpp(42,17):
              Conversion requires a second user-defined-conversion operator or constructor
      C:\Users\melin\OneDrive\Documents\GitHub\ConnectTheDots\ConnectTheDots\Level.cpp(42,17):
      while trying to match the argument list '()'
  
C:\Users\melin\OneDrive\Documents\GitHub\ConnectTheDots\ConnectTheDots\Level.cpp(52,13): error C2660: 'graphics::drawDisk': function does not take 3 arguments
      C:\Users\melin\OneDrive\Documents\GitHub\ConnectTheDots\include\sgg\graphics.h(633,7):
      see declaration of 'graphics::drawDisk'
      C:\Users\melin\OneDrive\Documents\GitHub\ConnectTheDots\ConnectTheDots\Level.cpp(52,13):
      while trying to match the argument list '()'
  
C:\Users\melin\OneDrive\Documents\GitHub\ConnectTheDots\ConnectTheDots\Level.cpp(63,1): error C2512: 'std::vector': no appropriate default constructor available
      C:\Program Files\Microsoft Visual Studio\2022\Community\VC\Tools\MSVC\14.44.35207\include\vector(442,7):
      see declaration of 'std::vector'
  
C:\Users\melin\OneDrive\Documents\GitHub\ConnectTheDots\ConnectTheDots\Level.h(17,14): error C2065: 'Dot': undeclared identifier
  (compiling source file 'Level1.cpp')
  
C:\Users\melin\OneDrive\Documents\GitHub\ConnectTheDots\ConnectTheDots\Level.h(17,7): error C2923: 'std::vector': 'Dot' is not a valid template type argument for parameter '_Ty'
  (compiling source file 'Level1.cpp')
      C:\Users\melin\OneDrive\Documents\GitHub\ConnectTheDots\ConnectTheDots\Level.h(17,14):
      see declaration of 'Dot'
  
C:\Users\melin\OneDrive\Documents\GitHub\ConnectTheDots\ConnectTheDots\Level.h(17,7): error C2976: 'std::vector': too few template arguments
  (compiling source file 'Level1.cpp')
      C:\Program Files\Microsoft Visual Studio\2022\Community\VC\Tools\MSVC\14.44.35207\include\vector(442,7):
      see declaration of 'std::vector'
  
  Level2.cpp
C:\Users\melin\OneDrive\Documents\GitHub\ConnectTheDots\ConnectTheDots\Level.h(17,14): error C2065: 'Dot': undeclared identifier
  (compiling source file 'Level2.cpp')
  
C:\Users\melin\OneDrive\Documents\GitHub\ConnectTheDots\ConnectTheDots\Level.h(17,7): error C2923: 'std::vector': 'Dot' is not a valid template type argument for parameter '_Ty'
  (compiling source file 'Level2.cpp')
      C:\Users\melin\OneDrive\Documents\GitHub\ConnectTheDots\ConnectTheDots\Level.h(17,14):
      see declaration of 'Dot'
  
C:\Users\melin\OneDrive\Documents\GitHub\ConnectTheDots\ConnectTheDots\Level.h(17,7): error C2976: 'std::vector': too few template arguments
  (compiling source file 'Level2.cpp')
      C:\Program Files\Microsoft Visual Studio\2022\Community\VC\Tools\MSVC\14.44.35207\include\vector(442,7):
      see declaration of 'std::vector'
  
  Level3.cpp
C:\Users\melin\OneDrive\Documents\GitHub\ConnectTheDots\ConnectTheDots\Level.h(17,14): error C2065: 'Dot': undeclared identifier
  (compiling source file 'Level3.cpp')
  
C:\Users\melin\OneDrive\Documents\GitHub\ConnectTheDots\ConnectTheDots\Level.h(17,7): error C2923: 'std::vector': 'Dot' is not a valid template type argument for parameter '_Ty'
  (compiling source file 'Level3.cpp')
      C:\Users\melin\OneDrive\Documents\GitHub\ConnectTheDots\ConnectTheDots\Level.h(17,14):
      see declaration of 'Dot'
  
C:\Users\melin\OneDrive\Documents\GitHub\ConnectTheDots\ConnectTheDots\Level.h(17,7): error C2976: 'std::vector': too few template arguments
  (compiling source file 'Level3.cpp')
      C:\Program Files\Microsoft Visual Studio\2022\Community\VC\Tools\MSVC\14.44.35207\include\vector(442,7):
      see declaration of 'std::vector'
  
  main.cpp
  Generating Code...
